// Jest Snapshot v1, https://goo.gl/fbAQLP

exports[`Network Resolvers getNetworkInfo success 1`] = `
Object {
  "data": Object {
    "getNetworkInfo": Object {
      "averageChannelSize": "1000",
      "channelCount": 123,
      "maxChannelSize": 456,
      "medianChannelSize": 789,
      "minChannelSize": 100,
      "nodeCount": 10000,
      "notRecentlyUpdatedPolicyCount": 10,
      "totalCapacity": "10000",
    },
  },
  "errors": undefined,
  "extensions": undefined,
  "http": Object {
    "headers": Headers {
      Symbol(map): Object {},
    },
  },
}
`;
